// Jest Snapshot v1, https://goo.gl/fbAQLP

exports[`test App components renders 1`] = `
Object {
  "asFragment": [Function],
  "baseElement": <body>
    <div>
      <main>
        <div
          class="container"
        >
          <img
            alt="logo"
            src="weather-logo.png"
          />
          <ul
            class="link-container"
          >
            <li
              class="link"
            >
              <a
                href="/"
              >
                Home
              </a>
            </li>
          </ul>
        </div>
        <main>
          <form>
            <input
              class="search"
              id=""
              name=""
              placeholder="Search for Any African country..."
              type="search"
              value=""
            />
          </form>
        </main>
      </main>
    </div>
  </body>,
  "container": <div>
    <main>
      <div
        class="container"
      >
        <img
          alt="logo"
          src="weather-logo.png"
        />
        <ul
          class="link-container"
        >
          <li
            class="link"
          >
            <a
              href="/"
            >
              Home
            </a>
          </li>
        </ul>
      </div>
      <main>
        <form>
          <input
            class="search"
            id=""
            name=""
            placeholder="Search for Any African country..."
            type="search"
            value=""
          />
        </form>
      </main>
    </main>
  </div>,
  "debug": [Function],
  "findAllByAltText": [Function],
  "findAllByDisplayValue": [Function],
  "findAllByLabelText": [Function],
  "findAllByPlaceholderText": [Function],
  "findAllByRole": [Function],
  "findAllByTestId": [Function],
  "findAllByText": [Function],
  "findAllByTitle": [Function],
  "findByAltText": [Function],
  "findByDisplayValue": [Function],
  "findByLabelText": [Function],
  "findByPlaceholderText": [Function],
  "findByRole": [Function],
  "findByTestId": [Function],
  "findByText": [Function],
  "findByTitle": [Function],
  "getAllByAltText": [Function],
  "getAllByDisplayValue": [Function],
  "getAllByLabelText": [Function],
  "getAllByPlaceholderText": [Function],
  "getAllByRole": [Function],
  "getAllByTestId": [Function],
  "getAllByText": [Function],
  "getAllByTitle": [Function],
  "getByAltText": [Function],
  "getByDisplayValue": [Function],
  "getByLabelText": [Function],
  "getByPlaceholderText": [Function],
  "getByRole": [Function],
  "getByTestId": [Function],
  "getByText": [Function],
  "getByTitle": [Function],
  "queryAllByAltText": [Function],
  "queryAllByDisplayValue": [Function],
  "queryAllByLabelText": [Function],
  "queryAllByPlaceholderText": [Function],
  "queryAllByRole": [Function],
  "queryAllByTestId": [Function],
  "queryAllByText": [Function],
  "queryAllByTitle": [Function],
  "queryByAltText": [Function],
  "queryByDisplayValue": [Function],
  "queryByLabelText": [Function],
  "queryByPlaceholderText": [Function],
  "queryByRole": [Function],
  "queryByTestId": [Function],
  "queryByText": [Function],
  "queryByTitle": [Function],
  "rerender": [Function],
  "unmount": [Function],
}
`;
